---
source: tui/src/app/tests.rs
expression: rendered
---
 ██████╗ ██████╗ ██████╗ ███████╗██╗  ██╗
██╔════╝██╔═══██╗██╔══██╗██╔════╝╚██╗██╔╝
██║     ██║   ██║██║  ██║█████╗   ╚███╔╝
██║     ██║   ██║██║  ██║██╔══╝   ██╔██╗
╚██████╗╚██████╔╝██████╔╝███████╗██╔╝ ██╗
 ╚═════╝ ╚═════╝ ╚═════╝ ╚══════╝╚═╝  ╚═╝
