---
source: tui/src/chatwidget/tests/exec_flow.rs
expression: turn_complete_combined
---
• Ran echo preparing
  └ preparing

────────────────────────────────────────────────────────────────────────────────

• Final response.

─ Worked for 2m 05s ────────────────────────────────────────────────────────────
